******************************************************************************
             TMS320C2000 Linker PC v18.1.4                     
******************************************************************************
>> Linked Thu Jan  9 15:00:21 2020

OUTPUT FILE NAME:   <DSP_LCD_TMS320F2812.out>
ENTRY POINT SYMBOL: "_c_int00"  address: 003f62e5


MEMORY CONFIGURATION

         name            origin    length      used     unused   attr    fill
----------------------  --------  ---------  --------  --------  ----  --------
PAGE 0:
  ZONE0                 00002000   00002000  00000000  00002000  RWIX
  ZONE1                 00004000   00002000  00000000  00002000  RWIX
  RAML0                 00008000   00001000  0000001b  00000fe5  RWIX
  ZONE2                 00080000   00080000  00000000  00080000  RWIX
  ZONE6                 00100000   00080000  00000000  00080000  RWIX
  OTP                   003d7800   00000800  00000000  00000800  RWIX
  FLASHJ                003d8000   00002000  00000000  00002000  RWIX
  FLASHI                003da000   00002000  00000000  00002000  RWIX
  FLASHH                003dc000   00004000  00000000  00004000  RWIX
  FLASHG                003e0000   00004000  00000000  00004000  RWIX
  FLASHF                003e4000   00004000  00000000  00004000  RWIX
  FLASHE                003e8000   00004000  00000000  00004000  RWIX
  FLASHD                003ec000   00004000  0000001b  00003fe5  RWIX
  FLASHC                003f0000   00004000  00000000  00004000  RWIX
  FLASHA                003f6000   00001f80  000005c2  000019be  RWIX
  CSM_RSVD              003f7f80   00000076  00000076  00000000  RWIX
  BEGIN                 003f7ff6   00000002  00000002  00000000  RWIX
  CSM_PWL               003f7ff8   00000008  00000008  00000000  RWIX
  ROM                   003ff000   00000fc0  00000000  00000fc0  RWIX
  RESET                 003fffc0   00000002  00000000  00000002  RWIX
  VECTORS               003fffc2   0000003e  00000000  0000003e  RWIX

PAGE 1:
  RAMM0                 00000000   00000400  00000400  00000000  RWIX
  RAMM1                 00000400   00000400  00000000  00000400  RWIX
  DEV_EMU               00000880   00000180  000000d0  000000b0  RWIX
  FLASH_REGS            00000a80   00000060  00000008  00000058  RWIX
  CSM                   00000ae0   00000010  00000010  00000000  RWIX
  XINTF                 00000b20   00000020  00000020  00000000  RWIX
  CPU_TIMER0            00000c00   00000008  00000008  00000000  RWIX
  CPU_TIMER1            00000c08   00000008  00000008  00000000  RWIX
  CPU_TIMER2            00000c10   00000008  00000008  00000000  RWIX
  PIE_CTRL              00000ce0   00000020  0000001a  00000006  RWIX
  PIE_VECT              00000d00   00000100  00000100  00000000  RWIX
  ECANA                 00006000   00000040  00000034  0000000c  RWIX
  ECANA_LAM             00006040   00000040  00000040  00000000  RWIX
  ECANA_MOTS            00006080   00000040  00000040  00000000  RWIX
  ECANA_MOTO            000060c0   00000040  00000040  00000000  RWIX
  ECANA_MBOX            00006100   00000100  00000100  00000000  RWIX
  SYSTEM                00007010   00000020  00000020  00000000  RWIX
  SPIA                  00007040   00000010  00000010  00000000  RWIX
  SCIA                  00007050   00000010  00000010  00000000  RWIX
  XINTRUPT              00007070   00000010  00000010  00000000  RWIX
  GPIOMUX               000070c0   00000020  00000020  00000000  RWIX
  GPIODAT               000070e0   00000020  00000020  00000000  RWIX
  ADC                   00007100   00000020  0000001a  00000006  RWIX
  EVA                   00007400   00000040  00000032  0000000e  RWIX
  EVB                   00007500   00000040  00000032  0000000e  RWIX
  SCIB                  00007750   00000010  00000010  00000000  RWIX
  MCBSPA                00007800   00000040  00000025  0000001b  RWIX
  RAML1                 00009000   00001000  00000022  00000fde  RWIX
  FLASHB                003f4000   00002000  00000000  00002000  RWIX
  CSM_PWL               003f7ff8   00000008  00000008  00000000  RWIX
  RAMH0                 003f8000   00002000  00000000  00002000  RWIX


SECTION ALLOCATION MAP

 output                                  attributes/
section   page    origin      length       input sections
--------  ----  ----------  ----------   ----------------
.cinit     0    003f65a8    0000001a     
                  003f65a8    0000000e     rts2800_ml.lib : exit.c.obj (.cinit)
                  003f65b6    00000005                    : _lock.c.obj (.cinit:__lock)
                  003f65bb    00000005                    : _lock.c.obj (.cinit:__unlock)
                  003f65c0    00000002     --HOLE-- [fill = 0]

.pinit     0    003f6000    00000000     UNINITIALIZED

ramfuncs   0    003ec000    0000001b     RUN ADDR = 00008000
                  003ec000    00000017     DSP281x_SysCtrl.obj (ramfuncs)
                  003ec017    00000004     DSP281x_usDelay.obj (ramfuncs)

.text      0    003f6000    00000488     
                  003f6000    0000014f     DSP281x_DefaultIsr.obj (.text:retain)
                  003f614f    000000b6     main.obj (.text)
                  003f6205    00000086     DSP281x_SysCtrl.obj (.text)
                  003f628b    0000005a     rts2800_ml.lib : fs_mpy28.asm.obj (.text)
                  003f62e5    00000054                    : boot28.asm.obj (.text)
                  003f6339    00000029                    : exit.c.obj (.text)
                  003f6362    00000029                    : fs_tol28.asm.obj (.text)
                  003f638b    00000028     DSP281x_PieCtrl.obj (.text)
                  003f63b3    00000024     rts2800_ml.lib : cpy_tbl.c.obj (.text)
                  003f63d7    00000020     DSP281x_PieVect.obj (.text)
                  003f63f7    0000001d     rts2800_ml.lib : memcpy.c.obj (.text)
                  003f6414    0000001a                    : l_tofs28.asm.obj (.text)
                  003f642e    00000019                    : args_main.c.obj (.text)
                  003f6447    00000017                    : fs_cmp28.asm.obj (.text)
                  003f645e    00000013     DSP281x_MemCopy.obj (.text)
                  003f6471    00000009     rts2800_ml.lib : _lock.c.obj (.text)
                  003f647a    00000008     DSP281x_CodeStartBranch.obj (.text)
                  003f6482    00000003     DSP281x_DBGIER.obj (.text)
                  003f6485    00000002     rts2800_ml.lib : pre_init.c.obj (.text)
                  003f6487    00000001                    : startup.c.obj (.text)

csm_rsvd   0    003f7f80    00000076     
                  003f7f80    00000076     DSP281x_CSMPasswords.obj (csm_rsvd)

codestart 
*          0    003f7ff6    00000002     
                  003f7ff6    00000002     DSP281x_CodeStartBranch.obj (codestart)

csmpasswds 
*          0    003f7ff8    00000008     
                  003f7ff8    00000008     DSP281x_CSMPasswords.obj (csmpasswds)

.stack     1    00000000    00000400     UNINITIALIZED
                  00000000    00000400     --HOLE--

.ebss      1    00009000    00000022     UNINITIALIZED
                  00009000    00000018     DSP281x_CpuTimers.obj (.ebss)
                  00009018    00000006     rts2800_ml.lib : exit.c.obj (.ebss)
                  0000901e    00000002                    : _lock.c.obj (.ebss:__lock)
                  00009020    00000002                    : _lock.c.obj (.ebss:__unlock)

.econst    0    003f6488    00000120     
                  003f6488    00000100     DSP281x_PieVect.obj (.econst:_PieVectTableInit)
                  003f6588    00000020     main.obj (.econst:.string)

.reset     0    003fffc0    00000002     DSECT
                  003fffc0    00000002     rts2800_ml.lib : boot28.asm.obj (.reset)

vectors    0    003fffc2    00000000     DSECT

DevEmuRegsFile 
*          1    00000880    000000d0     UNINITIALIZED
                  00000880    000000d0     DSP281x_GlobalVariableDefs.obj (DevEmuRegsFile)

FlashRegsFile 
*          1    00000a80    00000008     UNINITIALIZED
                  00000a80    00000008     DSP281x_GlobalVariableDefs.obj (FlashRegsFile)

CsmRegsFile 
*          1    00000ae0    00000010     UNINITIALIZED
                  00000ae0    00000010     DSP281x_GlobalVariableDefs.obj (CsmRegsFile)

XintfRegsFile 
*          1    00000b20    00000020     UNINITIALIZED
                  00000b20    00000020     DSP281x_GlobalVariableDefs.obj (XintfRegsFile)

CpuTimer0RegsFile 
*          1    00000c00    00000008     UNINITIALIZED
                  00000c00    00000008     DSP281x_GlobalVariableDefs.obj (CpuTimer0RegsFile)

CpuTimer1RegsFile 
*          1    00000c08    00000008     UNINITIALIZED
                  00000c08    00000008     DSP281x_GlobalVariableDefs.obj (CpuTimer1RegsFile)

CpuTimer2RegsFile 
*          1    00000c10    00000008     UNINITIALIZED
                  00000c10    00000008     DSP281x_GlobalVariableDefs.obj (CpuTimer2RegsFile)

PieCtrlRegsFile 
*          1    00000ce0    0000001a     UNINITIALIZED
                  00000ce0    0000001a     DSP281x_GlobalVariableDefs.obj (PieCtrlRegsFile)

PieVectTableFile 
*          1    00000d00    00000100     UNINITIALIZED
                  00000d00    00000100     DSP281x_GlobalVariableDefs.obj (PieVectTableFile)

ECanaRegsFile 
*          1    00006000    00000034     UNINITIALIZED
                  00006000    00000034     DSP281x_GlobalVariableDefs.obj (ECanaRegsFile)

ECanaLAMRegsFile 
*          1    00006040    00000040     UNINITIALIZED
                  00006040    00000040     DSP281x_GlobalVariableDefs.obj (ECanaLAMRegsFile)

ECanaMOTSRegsFile 
*          1    00006080    00000040     UNINITIALIZED
                  00006080    00000040     DSP281x_GlobalVariableDefs.obj (ECanaMOTSRegsFile)

ECanaMOTORegsFile 
*          1    000060c0    00000040     UNINITIALIZED
                  000060c0    00000040     DSP281x_GlobalVariableDefs.obj (ECanaMOTORegsFile)

ECanaMboxesFile 
*          1    00006100    00000100     UNINITIALIZED
                  00006100    00000100     DSP281x_GlobalVariableDefs.obj (ECanaMboxesFile)

SysCtrlRegsFile 
*          1    00007010    00000020     UNINITIALIZED
                  00007010    00000020     DSP281x_GlobalVariableDefs.obj (SysCtrlRegsFile)

SpiaRegsFile 
*          1    00007040    00000010     UNINITIALIZED
                  00007040    00000010     DSP281x_GlobalVariableDefs.obj (SpiaRegsFile)

SciaRegsFile 
*          1    00007050    00000010     UNINITIALIZED
                  00007050    00000010     DSP281x_GlobalVariableDefs.obj (SciaRegsFile)

XIntruptRegsFile 
*          1    00007070    00000010     UNINITIALIZED
                  00007070    00000010     DSP281x_GlobalVariableDefs.obj (XIntruptRegsFile)

GpioMuxRegsFile 
*          1    000070c0    00000020     UNINITIALIZED
                  000070c0    00000020     DSP281x_GlobalVariableDefs.obj (GpioMuxRegsFile)

GpioDataRegsFile 
*          1    000070e0    00000020     UNINITIALIZED
                  000070e0    00000020     DSP281x_GlobalVariableDefs.obj (GpioDataRegsFile)

AdcRegsFile 
*          1    00007100    0000001a     UNINITIALIZED
                  00007100    0000001a     DSP281x_GlobalVariableDefs.obj (AdcRegsFile)

EvaRegsFile 
*          1    00007400    00000032     UNINITIALIZED
                  00007400    00000032     DSP281x_GlobalVariableDefs.obj (EvaRegsFile)

EvbRegsFile 
*          1    00007500    00000032     UNINITIALIZED
                  00007500    00000032     DSP281x_GlobalVariableDefs.obj (EvbRegsFile)

ScibRegsFile 
*          1    00007750    00000010     UNINITIALIZED
                  00007750    00000010     DSP281x_GlobalVariableDefs.obj (ScibRegsFile)

McbspaRegsFile 
*          1    00007800    00000025     UNINITIALIZED
                  00007800    00000025     DSP281x_GlobalVariableDefs.obj (McbspaRegsFile)

CsmPwlFile 
*          1    003f7ff8    00000008     UNINITIALIZED
                  003f7ff8    00000008     DSP281x_GlobalVariableDefs.obj (CsmPwlFile)

MODULE SUMMARY

       Module                           code   initialized data   uninitialized data
       ------                           ----   ----------------   ------------------
    .\DSP281x_common\source\
       DSP281x_DefaultIsr.obj           335    0                  0                 
       DSP281x_PieVect.obj              32     256                0                 
       DSP281x_SysCtrl.obj              180    0                  0                 
       DSP281x_CSMPasswords.obj         0      126                0                 
       DSP281x_PieCtrl.obj              40     0                  0                 
       DSP281x_CpuTimers.obj            0      0                  24                
       DSP281x_MemCopy.obj              19     0                  0                 
       DSP281x_CodeStartBranch.obj      10     0                  0                 
       DSP281x_usDelay.obj              8      0                  0                 
       DSP281x_DBGIER.obj               3      0                  0                 
    +--+--------------------------------+------+------------------+--------------------+
       Total:                           627    382                24                
                                                                                    
    .\DSP281x_headers\source\
       DSP281x_GlobalVariableDefs.obj   0      0                  1401              
    +--+--------------------------------+------+------------------+--------------------+
       Total:                           0      0                  1401              
                                                                                    
    .\User\
       main.obj                         182    32                 0                 
    +--+--------------------------------+------+------------------+--------------------+
       Total:                           182    32                 0                 
                                                                                    
    G:/CCS/ccsv8/tools/compiler/ti-cgt-c2000_18.1.4.LTS/lib/rts2800_ml.lib
       fs_mpy28.asm.obj                 90     0                  0                 
       boot28.asm.obj                   84     0                  0                 
       exit.c.obj                       41     14                 6                 
       fs_tol28.asm.obj                 41     0                  0                 
       cpy_tbl.c.obj                    36     0                  0                 
       memcpy.c.obj                     29     0                  0                 
       l_tofs28.asm.obj                 26     0                  0                 
       args_main.c.obj                  25     0                  0                 
       _lock.c.obj                      9      10                 4                 
       fs_cmp28.asm.obj                 23     0                  0                 
       pre_init.c.obj                   2      0                  0                 
       startup.c.obj                    1      0                  0                 
    +--+--------------------------------+------+------------------+--------------------+
       Total:                           407    24                 10                
                                                                                    
       Stack:                           0      0                  1024              
    +--+--------------------------------+------+------------------+--------------------+
       Grand Total:                     1216   438                2459              


GLOBAL DATA SYMBOLS: SORTED BY DATA PAGE

address     data page           name
--------    ----------------    ----
00000000       0 (00000000)     __stack

00000880      22 (00000880)     _DevEmuRegs

00000a80      2a (00000a80)     _FlashRegs

00000ae0      2b (00000ac0)     _CsmRegs

00000b20      2c (00000b00)     _XintfRegs

00000c00      30 (00000c00)     _CpuTimer0Regs
00000c08      30 (00000c00)     _CpuTimer1Regs
00000c10      30 (00000c00)     _CpuTimer2Regs

00000ce0      33 (00000cc0)     _PieCtrlRegs

00000d00      34 (00000d00)     _PieVectTable

00006000     180 (00006000)     _ECanaRegs

00006040     181 (00006040)     _ECanaLAMRegs

00006080     182 (00006080)     _ECanaMOTSRegs

000060c0     183 (000060c0)     _ECanaMOTORegs

00006100     184 (00006100)     _ECanaMboxes

00007010     1c0 (00007000)     _SysCtrlRegs

00007040     1c1 (00007040)     _SpiaRegs
00007050     1c1 (00007040)     _SciaRegs
00007070     1c1 (00007040)     _XIntruptRegs

000070c0     1c3 (000070c0)     _GpioMuxRegs
000070e0     1c3 (000070c0)     _GpioDataRegs

00007100     1c4 (00007100)     _AdcRegs

00007400     1d0 (00007400)     _EvaRegs

00007500     1d4 (00007500)     _EvbRegs

00007750     1dd (00007740)     _ScibRegs

00007800     1e0 (00007800)     _McbspaRegs

00009000     240 (00009000)     _CpuTimer1
00009008     240 (00009000)     _CpuTimer2
00009010     240 (00009000)     _CpuTimer0
00009018     240 (00009000)     ___TI_enable_exit_profile_output
0000901a     240 (00009000)     ___TI_cleanup_ptr
0000901c     240 (00009000)     ___TI_dtors_ptr
0000901e     240 (00009000)     __lock
00009020     240 (00009000)     __unlock

003f6488    fd92 (003f6480)     _PieVectTableInit

003f7ff8    fdff (003f7fc0)     _CsmPwl


GLOBAL SYMBOLS: SORTED ALPHABETICALLY BY Name 

page  address   name                            
----  -------   ----                            
0     003f6000  .text                           
0     003f6339  C$$EXIT                         
0     003f6447  FS$$CMP                         
0     003f628b  FS$$MPY                         
0     003f6362  FS$$TOL                         
0     003f6414  L$$TOFS                         
0     003f6073  _ADCINT_ISR                     
1     00007100  _AdcRegs                        
0     003f60b9  _CAPINT1_ISR                    
0     003f60be  _CAPINT2_ISR                    
0     003f60c3  _CAPINT3_ISR                    
0     003f60ff  _CAPINT4_ISR                    
0     003f6104  _CAPINT5_ISR                    
0     003f6109  _CAPINT6_ISR                    
0     003f6082  _CMP1INT_ISR                    
0     003f6087  _CMP2INT_ISR                    
0     003f608c  _CMP3INT_ISR                    
0     003f60c8  _CMP4INT_ISR                    
0     003f60cd  _CMP5INT_ISR                    
0     003f60d2  _CMP6INT_ISR                    
1     00009010  _CpuTimer0                      
1     00000c00  _CpuTimer0Regs                  
1     00009000  _CpuTimer1                      
1     00000c08  _CpuTimer1Regs                  
1     00009008  _CpuTimer2                      
1     00000c10  _CpuTimer2Regs                  
1     003f7ff8  _CsmPwl                         
1     00000ae0  _CsmRegs                        
0     003f625a  _CsmUnlock                      
0     003f600a  _DATALOG_ISR                    
0     00008017  _DSP28x_usDelay                 
1     00000880  _DevEmuRegs                     
0     003f6217  _DisableDog                     
0     003f6136  _ECAN0INTA_ISR                  
0     003f613b  _ECAN1INTA_ISR                  
1     00006040  _ECanaLAMRegs                   
1     000060c0  _ECanaMOTORegs                  
1     00006080  _ECanaMOTSRegs                  
1     00006100  _ECanaMboxes                    
1     00006000  _ECanaRegs                      
0     003f6140  _EMPTY_ISR                      
0     003f6014  _EMUINT_ISR                     
0     003f63aa  _EnableInterrupts               
1     00007400  _EvaRegs                        
1     00007500  _EvbRegs                        
1     00000a80  _FlashRegs                      
1     000070e0  _GpioDataRegs                   
1     000070c0  _GpioMuxRegs                    
0     003f601e  _ILLEGAL_ISR                    
0     003f6000  _INT13_ISR                      
0     003f6005  _INT14_ISR                      
0     00008000  _InitFlash                      
0     003f6240  _InitPeripheralClocks           
0     003f638b  _InitPieCtrl                    
0     003f63d7  _InitPieVectTable               
0     003f621f  _InitPll                        
0     003f6205  _InitSysCtrl                    
0     003f6162  _Init_Port                      
0     003f620d  _KickDog                        
0     003f61b2  _LCD_init                       
0     003f6178  _LCD_write_command              
0     003f6195  _LCD_write_data                 
0     003f6118  _MRINTA_ISR                     
0     003f611d  _MXINTA_ISR                     
1     00007800  _McbspaRegs                     
0     003f645e  _MemCopy                        
0     003f6019  _NMI_ISR                        
0     003f605f  _PDPINTA_ISR                    
0     003f6064  _PDPINTB_ISR                    
0     003f6145  _PIE_RESERVED                   
1     00000ce0  _PieCtrlRegs                    
1     00000d00  _PieVectTable                   
0     003f6488  _PieVectTableInit               
0     003f600f  _RTOSINT_ISR                    
0     003ec01b  _RamfuncsLoadEnd                
0     003ec000  _RamfuncsLoadStart              
0     00008000  _RamfuncsRunStart               
0     003f6122  _SCIRXINTA_ISR                  
0     003f612c  _SCIRXINTB_ISR                  
0     003f6127  _SCITXINTA_ISR                  
0     003f6131  _SCITXINTB_ISR                  
0     003f610e  _SPIRXINTA_ISR                  
0     003f6113  _SPITXINTA_ISR                  
1     00007050  _SciaRegs                       
1     00007750  _ScibRegs                       
0     003f6482  _SetDBGIER                      
1     00007040  _SpiaRegs                       
1     00007010  _SysCtrlRegs                    
0     003f6096  _T1CINT_ISR                     
0     003f60a0  _T1OFINT_ISR                    
0     003f6091  _T1PINT_ISR                     
0     003f609b  _T1UFINT_ISR                    
0     003f60aa  _T2CINT_ISR                     
0     003f60b4  _T2OFINT_ISR                    
0     003f60a5  _T2PINT_ISR                     
0     003f60af  _T2UFINT_ISR                    
0     003f60dc  _T3CINT_ISR                     
0     003f60e6  _T3OFINT_ISR                    
0     003f60d7  _T3PINT_ISR                     
0     003f60e1  _T3UFINT_ISR                    
0     003f60f0  _T4CINT_ISR                     
0     003f60fa  _T4OFINT_ISR                    
0     003f60eb  _T4PINT_ISR                     
0     003f60f5  _T4UFINT_ISR                    
0     003f6078  _TINT0_ISR                      
0     003f6050  _USER10_ISR                     
0     003f6055  _USER11_ISR                     
0     003f605a  _USER12_ISR                     
0     003f6023  _USER1_ISR                      
0     003f6028  _USER2_ISR                      
0     003f602d  _USER3_ISR                      
0     003f6032  _USER4_ISR                      
0     003f6037  _USER5_ISR                      
0     003f603c  _USER6_ISR                      
0     003f6041  _USER7_ISR                      
0     003f6046  _USER8_ISR                      
0     003f604b  _USER9_ISR                      
0     003f607d  _WAKEINT_ISR                    
0     003f6069  _XINT1_ISR                      
0     003f606e  _XINT2_ISR                      
1     00007070  _XIntruptRegs                   
1     00000b20  _XintfRegs                      
1     00000400  __STACK_END                     
abs   00000400  __STACK_SIZE                    
1     0000901a  ___TI_cleanup_ptr               
1     0000901c  ___TI_dtors_ptr                 
1     00009018  ___TI_enable_exit_profile_output
abs   ffffffff  ___TI_pprof_out_hndl            
abs   ffffffff  ___TI_prof_data_size            
abs   ffffffff  ___TI_prof_data_start           
abs   ffffffff  ___binit__                      
abs   ffffffff  ___c_args__                     
0     003f65a8  ___cinit__                      
0     003f6488  ___etext__                      
abs   ffffffff  ___pinit__                      
0     003f6000  ___text__                       
0     003f642e  __args_main                     
1     0000901e  __lock                          
0     003f6479  __nop                           
0     003f6475  __register_lock                 
0     003f6471  __register_unlock               
1     00000000  __stack                         
0     003f6487  __system_post_cinit             
0     003f6485  __system_pre_init               
1     00009020  __unlock                        
0     003f6339  _abort                          
0     003f62e5  _c_int00                        
0     003f63b3  _copy_in                        
0     003f633b  _exit                           
0     003f61da  _main                           
0     003f63f7  _memcpy                         
0     003f614a  _rsvd_ISR                       
0     003f614f  _show                           
abs   ffffffff  binit                           
0     003f65a8  cinit                           
0     003f6488  etext                           
abs   ffffffff  pinit                           


GLOBAL SYMBOLS: SORTED BY Symbol Address 

page  address   name                            
----  -------   ----                            
0     00008000  _InitFlash                      
0     00008000  _RamfuncsRunStart               
0     00008017  _DSP28x_usDelay                 
0     003ec000  _RamfuncsLoadStart              
0     003ec01b  _RamfuncsLoadEnd                
0     003f6000  .text                           
0     003f6000  _INT13_ISR                      
0     003f6000  ___text__                       
0     003f6005  _INT14_ISR                      
0     003f600a  _DATALOG_ISR                    
0     003f600f  _RTOSINT_ISR                    
0     003f6014  _EMUINT_ISR                     
0     003f6019  _NMI_ISR                        
0     003f601e  _ILLEGAL_ISR                    
0     003f6023  _USER1_ISR                      
0     003f6028  _USER2_ISR                      
0     003f602d  _USER3_ISR                      
0     003f6032  _USER4_ISR                      
0     003f6037  _USER5_ISR                      
0     003f603c  _USER6_ISR                      
0     003f6041  _USER7_ISR                      
0     003f6046  _USER8_ISR                      
0     003f604b  _USER9_ISR                      
0     003f6050  _USER10_ISR                     
0     003f6055  _USER11_ISR                     
0     003f605a  _USER12_ISR                     
0     003f605f  _PDPINTA_ISR                    
0     003f6064  _PDPINTB_ISR                    
0     003f6069  _XINT1_ISR                      
0     003f606e  _XINT2_ISR                      
0     003f6073  _ADCINT_ISR                     
0     003f6078  _TINT0_ISR                      
0     003f607d  _WAKEINT_ISR                    
0     003f6082  _CMP1INT_ISR                    
0     003f6087  _CMP2INT_ISR                    
0     003f608c  _CMP3INT_ISR                    
0     003f6091  _T1PINT_ISR                     
0     003f6096  _T1CINT_ISR                     
0     003f609b  _T1UFINT_ISR                    
0     003f60a0  _T1OFINT_ISR                    
0     003f60a5  _T2PINT_ISR                     
0     003f60aa  _T2CINT_ISR                     
0     003f60af  _T2UFINT_ISR                    
0     003f60b4  _T2OFINT_ISR                    
0     003f60b9  _CAPINT1_ISR                    
0     003f60be  _CAPINT2_ISR                    
0     003f60c3  _CAPINT3_ISR                    
0     003f60c8  _CMP4INT_ISR                    
0     003f60cd  _CMP5INT_ISR                    
0     003f60d2  _CMP6INT_ISR                    
0     003f60d7  _T3PINT_ISR                     
0     003f60dc  _T3CINT_ISR                     
0     003f60e1  _T3UFINT_ISR                    
0     003f60e6  _T3OFINT_ISR                    
0     003f60eb  _T4PINT_ISR                     
0     003f60f0  _T4CINT_ISR                     
0     003f60f5  _T4UFINT_ISR                    
0     003f60fa  _T4OFINT_ISR                    
0     003f60ff  _CAPINT4_ISR                    
0     003f6104  _CAPINT5_ISR                    
0     003f6109  _CAPINT6_ISR                    
0     003f610e  _SPIRXINTA_ISR                  
0     003f6113  _SPITXINTA_ISR                  
0     003f6118  _MRINTA_ISR                     
0     003f611d  _MXINTA_ISR                     
0     003f6122  _SCIRXINTA_ISR                  
0     003f6127  _SCITXINTA_ISR                  
0     003f612c  _SCIRXINTB_ISR                  
0     003f6131  _SCITXINTB_ISR                  
0     003f6136  _ECAN0INTA_ISR                  
0     003f613b  _ECAN1INTA_ISR                  
0     003f6140  _EMPTY_ISR                      
0     003f6145  _PIE_RESERVED                   
0     003f614a  _rsvd_ISR                       
0     003f614f  _show                           
0     003f6162  _Init_Port                      
0     003f6178  _LCD_write_command              
0     003f6195  _LCD_write_data                 
0     003f61b2  _LCD_init                       
0     003f61da  _main                           
0     003f6205  _InitSysCtrl                    
0     003f620d  _KickDog                        
0     003f6217  _DisableDog                     
0     003f621f  _InitPll                        
0     003f6240  _InitPeripheralClocks           
0     003f625a  _CsmUnlock                      
0     003f628b  FS$$MPY                         
0     003f62e5  _c_int00                        
0     003f6339  C$$EXIT                         
0     003f6339  _abort                          
0     003f633b  _exit                           
0     003f6362  FS$$TOL                         
0     003f638b  _InitPieCtrl                    
0     003f63aa  _EnableInterrupts               
0     003f63b3  _copy_in                        
0     003f63d7  _InitPieVectTable               
0     003f63f7  _memcpy                         
0     003f6414  L$$TOFS                         
0     003f642e  __args_main                     
0     003f6447  FS$$CMP                         
0     003f645e  _MemCopy                        
0     003f6471  __register_unlock               
0     003f6475  __register_lock                 
0     003f6479  __nop                           
0     003f6482  _SetDBGIER                      
0     003f6485  __system_pre_init               
0     003f6487  __system_post_cinit             
0     003f6488  _PieVectTableInit               
0     003f6488  ___etext__                      
0     003f6488  etext                           
0     003f65a8  ___cinit__                      
0     003f65a8  cinit                           
1     00000000  __stack                         
1     00000400  __STACK_END                     
1     00000880  _DevEmuRegs                     
1     00000a80  _FlashRegs                      
1     00000ae0  _CsmRegs                        
1     00000b20  _XintfRegs                      
1     00000c00  _CpuTimer0Regs                  
1     00000c08  _CpuTimer1Regs                  
1     00000c10  _CpuTimer2Regs                  
1     00000ce0  _PieCtrlRegs                    
1     00000d00  _PieVectTable                   
1     00006000  _ECanaRegs                      
1     00006040  _ECanaLAMRegs                   
1     00006080  _ECanaMOTSRegs                  
1     000060c0  _ECanaMOTORegs                  
1     00006100  _ECanaMboxes                    
1     00007010  _SysCtrlRegs                    
1     00007040  _SpiaRegs                       
1     00007050  _SciaRegs                       
1     00007070  _XIntruptRegs                   
1     000070c0  _GpioMuxRegs                    
1     000070e0  _GpioDataRegs                   
1     00007100  _AdcRegs                        
1     00007400  _EvaRegs                        
1     00007500  _EvbRegs                        
1     00007750  _ScibRegs                       
1     00007800  _McbspaRegs                     
1     00009000  _CpuTimer1                      
1     00009008  _CpuTimer2                      
1     00009010  _CpuTimer0                      
1     00009018  ___TI_enable_exit_profile_output
1     0000901a  ___TI_cleanup_ptr               
1     0000901c  ___TI_dtors_ptr                 
1     0000901e  __lock                          
1     00009020  __unlock                        
1     003f7ff8  _CsmPwl                         
abs   00000400  __STACK_SIZE                    
abs   ffffffff  ___TI_pprof_out_hndl            
abs   ffffffff  ___TI_prof_data_size            
abs   ffffffff  ___TI_prof_data_start           
abs   ffffffff  ___binit__                      
abs   ffffffff  ___c_args__                     
abs   ffffffff  ___pinit__                      
abs   ffffffff  binit                           
abs   ffffffff  pinit                           

[157 symbols]
